<html>
<body>
<pre>
<h1>µVision Build Log</h1>
<h2>Project:</h2>
C:\Users\John\Documents\JC Homework\Final_Lab_Tests\Sampling_Version\Main_Program\Line_Draw_Attempt\ST7735.uvproj
Project File Date:  04/30/2016

<h2>Output:</h2>
Build target 'ST7735'
compiling Random.c...
linking...
Program Size: Code=8264 RO-data=84772 RW-data=328 ZI-data=1024  
".\ST7735.axf" - 0 Error(s), 0 Warning(s).
Load "C:\\Users\\John\\Documents\\JC Homework\\Final_Lab_Tests\\Sampling_Version\\Main_Program\\Line_Draw_Attempt\\ST7735.axf" 
Connecting: Mode=JTAG, Speed=1000000Hz
Connection failed!, error code=&d
Error: Flash Download failed  -  Target DLL has been cancelled
Load "C:\\Users\\John\\Documents\\JC Homework\\Final_Lab_Tests\\Sampling_Version\\Main_Program\\Line_Draw_Attempt\\ST7735.axf" 
Connecting: Mode=JTAG, Speed=1000000Hz
Erase Done.
Programming Done.
Verify OK.
_Tests\\Sampling_Version\\Main_Program\\Line_Draw_Attempt\\ST7735.axf" 
Connecting: Mode=JTAG, Speed=1000000Hz
Erase Done.
Programming Done.
Error: Flash Download failed  -  "Cortex-M4"
Load "C:\\Users\\John\\Documents\\JC Homework\\Final_Lab_Tests\\Sampling_Version\\Main_Program\\Line_Draw_Attempt\\ST7735.axf" 
Connecting: Mode=JTAG, Speed=1000000Hz
Erase Done.
Programming Done.
Verify OK.
