<html>
<body>
<pre>
<h1>µVision Build Log</h1>
<h2>Project:</h2>
C:\Users\John\Documents\JC Homework\Final_Lab_Tests\Sampling_Version\Main_Program\Line_Draw_Attempt\ST7735.uvproj
Project File Date:  04/30/2016

<h2>Output:</h2>
Build target 'ST7735'
compiling ST7735TestMain.c...
linking...
Program Size: Code=7888 RO-data=84772 RW-data=316 ZI-data=1028  
".\ST7735.axf" - 0 Error(s), 0 Warning(s).
s\\JC Homework\\Final_Lab_Tests\\Sampling_Version\\Main_Program\\Line_Draw_Attempt\\ST7735.axf" 
Connecting: Mode=JTAG, Speed=1000000Hz
Erase Done.
Programming Done.
Verify OK.
Programming Done.
Verify OK.
error code=&d
Error: Flash Download failed  -  Target DLL has been cancelled
Load "C:\\Users\\John\\Documents\\JC Homework\\Final_Lab_Tests\\Sampling_Version\\Main_Program\\Line_Draw_Attempt\\ST7735.axf" 
Connecting: Mode=JTAG, Speed=1000000Hz
Erase Done.
Programming Done.
Verify OK.
amming Done.
Verify OK.
Load "C:\\Users\\John\\Documents\\JC Homework\\Final_Lab_Tests\\Sampling_Version\\Main_Program\\Line_Draw_Attempt\\ST7735.axf" 
Connecting: Mode=JTAG, Speed=1000000Hz
Erase Done.
Programming Done.
Verify OK.
 OK.
Load "C:\\Users\\John\\Documents\\JC Homework\\Final_Lab_Tests\\Sampling_Version\\Main_Program\\Line_Draw_Attempt\\ST7735.axf" 
Connecting: Mode=JTAG, Speed=1000000Hz
Erase Done.
Programming Done.
Verify OK.
Load "C:\\Users\\John\\Documents\\JC Homework\\Final_Lab_Tests\\Sampling_Version\\Main_Program\\Line_Draw_Attempt\\ST7735.axf" 
Connecting: Mode=JTAG, Speed=1000000Hz
Erase Done.
Programming Done.
Verify OK.
