ARM Linker, 5.03 [Build 76] [MDK-ARM Professional]

==============================================================================

Section Cross References

    startup.o(RESET) refers to startup.o(STACK) for StackMem
    startup.o(RESET) refers to st7735testmain.o(i.SysTick_Handler) for SysTick_Handler
    startup.o(RESET) refers to entry.o(.ARM.Collect$$$$00000000) for __main
    st7735.o(i.Output_Clear) refers to st7735.o(i.ST7735_FillScreen) for ST7735_FillScreen
    st7735.o(i.Output_Color) refers to st7735.o(i.ST7735_SetTextColor) for ST7735_SetTextColor
    st7735.o(i.Output_Init) refers to st7735.o(i.ST7735_InitR) for ST7735_InitR
    st7735.o(i.Output_Init) refers to st7735.o(i.ST7735_FillScreen) for ST7735_FillScreen
    st7735.o(i.Output_Off) refers to st7735.o(i.Output_Clear) for Output_Clear
    st7735.o(i.Output_On) refers to st7735.o(i.Output_Init) for Output_Init
    st7735.o(i.ST7735_DrawBitmap) refers to st7735.o(i.setAddrWindow) for setAddrWindow
    st7735.o(i.ST7735_DrawBitmap) refers to lcd.o(.text) for writedata
    st7735.o(i.ST7735_DrawBitmap) refers to st7735.o(.data) for _width
    st7735.o(i.ST7735_DrawChar) refers to st7735.o(i.setAddrWindow) for setAddrWindow
    st7735.o(i.ST7735_DrawChar) refers to st7735.o(i.pushColor) for pushColor
    st7735.o(i.ST7735_DrawChar) refers to st7735.o(.data) for _width
    st7735.o(i.ST7735_DrawChar) refers to st7735.o(.constdata) for Font
    st7735.o(i.ST7735_DrawCharS) refers to st7735.o(i.ST7735_DrawPixel) for ST7735_DrawPixel
    st7735.o(i.ST7735_DrawCharS) refers to st7735.o(i.ST7735_FillRect) for ST7735_FillRect
    st7735.o(i.ST7735_DrawCharS) refers to st7735.o(.data) for _width
    st7735.o(i.ST7735_DrawCharS) refers to st7735.o(.constdata) for Font
    st7735.o(i.ST7735_DrawCharS2) refers to st7735.o(i.ST7735_DrawPixel) for ST7735_DrawPixel
    st7735.o(i.ST7735_DrawCharS2) refers to st7735.o(i.ST7735_FillRect) for ST7735_FillRect
    st7735.o(i.ST7735_DrawCharS2) refers to st7735.o(.data) for _width
    st7735.o(i.ST7735_DrawCharS2) refers to st7735.o(.constdata) for Font
    st7735.o(i.ST7735_DrawFastHLine) refers to st7735.o(i.setAddrWindow) for setAddrWindow
    st7735.o(i.ST7735_DrawFastHLine) refers to lcd.o(.text) for writedata
    st7735.o(i.ST7735_DrawFastHLine) refers to st7735.o(.data) for _width
    st7735.o(i.ST7735_DrawFastVLine) refers to st7735.o(i.setAddrWindow) for setAddrWindow
    st7735.o(i.ST7735_DrawFastVLine) refers to lcd.o(.text) for writedata
    st7735.o(i.ST7735_DrawFastVLine) refers to st7735.o(.data) for _width
    st7735.o(i.ST7735_DrawPixel) refers to st7735.o(i.setAddrWindow) for setAddrWindow
    st7735.o(i.ST7735_DrawPixel) refers to st7735.o(i.pushColor) for pushColor
    st7735.o(i.ST7735_DrawPixel) refers to st7735.o(.data) for _width
    st7735.o(i.ST7735_DrawString) refers to st7735.o(i.ST7735_DrawCharS) for ST7735_DrawCharS
    st7735.o(i.ST7735_FillRect) refers to st7735.o(i.setAddrWindow) for setAddrWindow
    st7735.o(i.ST7735_FillRect) refers to lcd.o(.text) for writedata
    st7735.o(i.ST7735_FillRect) refers to st7735.o(.data) for _width
    st7735.o(i.ST7735_FillScreen) refers to st7735.o(i.ST7735_FillRect) for ST7735_FillRect
    st7735.o(i.ST7735_FillScreen) refers to st7735.o(.data) for _height
    st7735.o(i.ST7735_InitB) refers to st7735.o(i.commonInit) for commonInit
    st7735.o(i.ST7735_InitB) refers to st7735.o(i.ST7735_SetCursor) for ST7735_SetCursor
    st7735.o(i.ST7735_InitB) refers to st7735.o(i.ST7735_FillScreen) for ST7735_FillScreen
    st7735.o(i.ST7735_InitB) refers to st7735.o(.constdata) for Bcmd
    st7735.o(i.ST7735_InitB) refers to st7735.o(.data) for StTextColor
    st7735.o(i.ST7735_InitR) refers to st7735.o(i.commonInit) for commonInit
    st7735.o(i.ST7735_InitR) refers to st7735.o(i.commandList) for commandList
    st7735.o(i.ST7735_InitR) refers to lcd.o(.text) for writecommand
    st7735.o(i.ST7735_InitR) refers to st7735.o(i.ST7735_SetCursor) for ST7735_SetCursor
    st7735.o(i.ST7735_InitR) refers to st7735.o(i.ST7735_FillScreen) for ST7735_FillScreen
    st7735.o(i.ST7735_InitR) refers to st7735.o(.constdata) for Rcmd1
    st7735.o(i.ST7735_InitR) refers to st7735.o(.data) for ColStart
    st7735.o(i.ST7735_InvertDisplay) refers to lcd.o(.text) for writecommand
    st7735.o(i.ST7735_OutChar) refers to st7735.o(i.ST7735_DrawString) for ST7735_DrawString
    st7735.o(i.ST7735_OutChar) refers to st7735.o(i.ST7735_DrawCharS) for ST7735_DrawCharS
    st7735.o(i.ST7735_OutChar) refers to st7735.o(.data) for StY
    st7735.o(i.ST7735_OutString) refers to st7735.o(i.ST7735_OutChar) for ST7735_OutChar
    st7735.o(i.ST7735_OutUDec) refers to st7735.o(i.fillmessage) for fillmessage
    st7735.o(i.ST7735_OutUDec) refers to st7735.o(i.ST7735_DrawString) for ST7735_DrawString
    st7735.o(i.ST7735_OutUDec) refers to st7735.o(i.ST7735_DrawCharS) for ST7735_DrawCharS
    st7735.o(i.ST7735_OutUDec) refers to st7735.o(.data) for Messageindex
    st7735.o(i.ST7735_OutUDec) refers to st7735.o(.bss) for Message
    st7735.o(i.ST7735_PlotBar) refers to st7735.o(i.ST7735_DrawFastVLine) for ST7735_DrawFastVLine
    st7735.o(i.ST7735_PlotBar) refers to st7735.o(.data) for Ymin
    st7735.o(i.ST7735_PlotClear) refers to st7735.o(i.ST7735_Color565) for ST7735_Color565
    st7735.o(i.ST7735_PlotClear) refers to st7735.o(i.ST7735_FillRect) for ST7735_FillRect
    st7735.o(i.ST7735_PlotClear) refers to st7735.o(.data) for Ymax
    st7735.o(i.ST7735_PlotLine) refers to st7735.o(i.ST7735_DrawPixel) for ST7735_DrawPixel
    st7735.o(i.ST7735_PlotLine) refers to st7735.o(.data) for Ymin
    st7735.o(i.ST7735_PlotNext) refers to st7735.o(.data) for X
    st7735.o(i.ST7735_PlotNextErase) refers to st7735.o(i.ST7735_Color565) for ST7735_Color565
    st7735.o(i.ST7735_PlotNextErase) refers to st7735.o(i.ST7735_DrawFastVLine) for ST7735_DrawFastVLine
    st7735.o(i.ST7735_PlotNextErase) refers to st7735.o(.data) for X
    st7735.o(i.ST7735_PlotPoint) refers to st7735.o(i.ST7735_DrawPixel) for ST7735_DrawPixel
    st7735.o(i.ST7735_PlotPoint) refers to st7735.o(.data) for Ymin
    st7735.o(i.ST7735_PlotPoints) refers to st7735.o(i.ST7735_DrawPixel) for ST7735_DrawPixel
    st7735.o(i.ST7735_PlotPoints) refers to st7735.o(.data) for Ymin
    st7735.o(i.ST7735_PlotdBfs) refers to st7735.o(i.ST7735_DrawFastVLine) for ST7735_DrawFastVLine
    st7735.o(i.ST7735_PlotdBfs) refers to st7735.o(.constdata) for dBfs
    st7735.o(i.ST7735_PlotdBfs) refers to st7735.o(.data) for X
    st7735.o(i.ST7735_SetCursor) refers to st7735.o(.data) for StX
    st7735.o(i.ST7735_SetRotation) refers to lcd.o(.text) for writecommand
    st7735.o(i.ST7735_SetRotation) refers to st7735.o(.data) for Rotation
    st7735.o(i.ST7735_SetTextColor) refers to st7735.o(.data) for StTextColor
    st7735.o(i.commandList) refers to lcd.o(.text) for writecommand
    st7735.o(i.commandList) refers to st7735.o(i.Delay1ms) for Delay1ms
    st7735.o(i.commonInit) refers to st7735.o(i.Delay1ms) for Delay1ms
    st7735.o(i.commonInit) refers to st7735.o(i.commandList) for commandList
    st7735.o(i.commonInit) refers to st7735.o(.data) for RowStart
    st7735.o(i.fillmessage) refers to st7735.o(.bss) for Message
    st7735.o(i.fillmessage) refers to st7735.o(.data) for Messageindex
    st7735.o(i.fputc) refers to st7735.o(i.ST7735_OutChar) for ST7735_OutChar
    st7735.o(i.pushColor) refers to lcd.o(.text) for writedata
    st7735.o(i.setAddrWindow) refers to lcd.o(.text) for writecommand
    st7735.o(i.setAddrWindow) refers to st7735.o(.data) for ColStart
    st7735testmain.o(i.SysTick_Handler) refers to pause.o(i.Pause) for Pause
    st7735testmain.o(i.SysTick_Handler) refers to adc.o(i.ADC_In) for ADC_In
    st7735testmain.o(i.SysTick_Handler) refers to st7735testmain.o(i.Convert) for Convert
    st7735testmain.o(i.SysTick_Handler) refers to dflti.o(.text) for __aeabi_i2d
    st7735testmain.o(i.SysTick_Handler) refers to ddiv.o(.text) for __aeabi_ddiv
    st7735testmain.o(i.SysTick_Handler) refers to dadd.o(.text) for __aeabi_dsub
    st7735testmain.o(i.SysTick_Handler) refers to dmul.o(.text) for __aeabi_dmul
    st7735testmain.o(i.SysTick_Handler) refers to st7735.o(i.ST7735_FillScreen) for ST7735_FillScreen
    st7735testmain.o(i.SysTick_Handler) refers to cdcmple.o(.text) for __aeabi_cdcmpeq
    st7735testmain.o(i.SysTick_Handler) refers to random.o(i.Random_Gen) for Random_Gen
    st7735testmain.o(i.SysTick_Handler) refers to st7735testmain.o(i.makeSquare) for makeSquare
    st7735testmain.o(i.SysTick_Handler) refers to cdrcmple.o(.text) for __aeabi_cdrcmple
    st7735testmain.o(i.SysTick_Handler) refers to st7735testmain.o(i.makeArrow) for makeArrow
    st7735testmain.o(i.SysTick_Handler) refers to st7735testmain.o(.data) for ADCMail
    st7735testmain.o(i.line_bresenham) refers to st7735.o(i.ST7735_DrawPixel) for ST7735_DrawPixel
    st7735testmain.o(i.line_bresenham3d) refers to cdrcmple.o(.text) for __aeabi_cdrcmple
    st7735testmain.o(i.line_bresenham3d) refers to dmul.o(.text) for __aeabi_dmul
    st7735testmain.o(i.line_bresenham3d) refers to ddiv.o(.text) for __aeabi_ddiv
    st7735testmain.o(i.line_bresenham3d) refers to dadd.o(.text) for __aeabi_dadd
    st7735testmain.o(i.line_bresenham3d) refers to dfixi.o(.text) for __aeabi_d2iz
    st7735testmain.o(i.line_bresenham3d) refers to st7735testmain.o(i.absolute) for absolute
    st7735testmain.o(i.line_bresenham3d) refers to st7735.o(i.ST7735_DrawPixel) for ST7735_DrawPixel
    st7735testmain.o(i.line_bresenham3d) refers to st7735testmain.o(.data) for boxes
    st7735testmain.o(i.main) refers to pll.o(i.PLL_Init) for PLL_Init
    st7735testmain.o(i.main) refers to adc.o(i.ADC_Init) for ADC_Init
    st7735testmain.o(i.main) refers to io.o(.text) for IO_Init
    st7735testmain.o(i.main) refers to systick.o(i.SysTick_Init) for SysTick_Init
    st7735testmain.o(i.main) refers to st7735.o(i.ST7735_InitR) for ST7735_InitR
    st7735testmain.o(i.main) refers to st7735.o(i.ST7735_OutString) for ST7735_OutString
    st7735testmain.o(i.main) refers to startup.o(.text) for EnableInterrupts
    st7735testmain.o(i.makeArrow) refers to st7735testmain.o(i.line_bresenham3d) for line_bresenham3d
    st7735testmain.o(i.makeSquare) refers to cdcmple.o(.text) for __aeabi_cdcmple
    st7735testmain.o(i.makeSquare) refers to dadd.o(.text) for __aeabi_dadd
    st7735testmain.o(i.makeSquare) refers to dflti.o(.text) for __aeabi_i2d
    st7735testmain.o(i.makeSquare) refers to st7735testmain.o(i.line_bresenham3d) for line_bresenham3d
    print.o(.text) refers to st7735.o(i.ST7735_OutChar) for ST7735_OutChar
    systick.o(i.SysTick_Wait10ms) refers to systick.o(i.SysTick_Wait) for SysTick_Wait
    random.o(i.Random_Gen) refers to dfltui.o(.text) for __aeabi_ui2d
    random.o(i.Random_Gen) refers to dadd.o(.text) for __aeabi_dsub
    random.o(i.Random_Gen) refers to st7735testmain.o(.data) for boxes
    pause.o(i.Pause) refers to st7735.o(i.ST7735_DrawCharS2) for ST7735_DrawCharS2
    pause.o(i.Pause) refers to systick.o(i.SysTick_Wait10ms) for SysTick_Wait10ms
    pause.o(i.Pause) refers to st7735.o(i.ST7735_FillRect) for ST7735_FillRect
    pause.o(i.Pause) refers to dflti.o(.text) for __aeabi_i2d
    pause.o(i.Pause) refers to pause.o(.data) for mirror
    pause.o(i.Pause) refers to st7735testmain.o(.data) for boxes
    entry.o(.ARM.Collect$$$$00000000) refers (Special) to entry10a.o(.ARM.Collect$$$$0000000D) for __rt_final_cpp
    entry.o(.ARM.Collect$$$$00000000) refers (Special) to entry11a.o(.ARM.Collect$$$$0000000F) for __rt_final_exit
    entry.o(.ARM.Collect$$$$00000000) refers (Special) to entry7b.o(.ARM.Collect$$$$00000008) for _main_clock
    entry.o(.ARM.Collect$$$$00000000) refers (Special) to entry8b.o(.ARM.Collect$$$$0000000A) for _main_cpp_init
    entry.o(.ARM.Collect$$$$00000000) refers (Special) to entry9a.o(.ARM.Collect$$$$0000000B) for _main_init
    entry.o(.ARM.Collect$$$$00000000) refers (Special) to entry5.o(.ARM.Collect$$$$00000004) for _main_scatterload
    entry.o(.ARM.Collect$$$$00000000) refers (Special) to entry2.o(.ARM.Collect$$$$00000001) for _main_stk
    dadd.o(.text) refers (Special) to iusefp.o(.text) for __I$use$fp
    dadd.o(.text) refers to llshl.o(.text) for __aeabi_llsl
    dadd.o(.text) refers to llsshr.o(.text) for __aeabi_lasr
    dadd.o(.text) refers to depilogue.o(.text) for _double_epilogue
    dmul.o(.text) refers (Special) to iusefp.o(.text) for __I$use$fp
    dmul.o(.text) refers to depilogue.o(.text) for _double_epilogue
    ddiv.o(.text) refers (Special) to iusefp.o(.text) for __I$use$fp
    ddiv.o(.text) refers to depilogue.o(.text) for _double_round
    dflti.o(.text) refers (Special) to iusefp.o(.text) for __I$use$fp
    dflti.o(.text) refers to depilogue.o(.text) for _double_epilogue
    dfltui.o(.text) refers (Special) to iusefp.o(.text) for __I$use$fp
    dfltui.o(.text) refers to depilogue.o(.text) for _double_epilogue
    dfixi.o(.text) refers (Special) to iusefp.o(.text) for __I$use$fp
    dfixi.o(.text) refers to llushr.o(.text) for __aeabi_llsr
    cdcmple.o(.text) refers (Special) to iusefp.o(.text) for __I$use$fp
    cdrcmple.o(.text) refers (Special) to iusefp.o(.text) for __I$use$fp
    entry2.o(.ARM.Collect$$$$00000001) refers to entry2.o(.ARM.Collect$$$$00002712) for __lit__00000000
    entry2.o(.ARM.Collect$$$$00002712) refers to startup.o(STACK) for __initial_sp
    entry2.o(__vectab_stack_and_reset_area) refers to startup.o(STACK) for __initial_sp
    entry2.o(__vectab_stack_and_reset_area) refers to entry.o(.ARM.Collect$$$$00000000) for __main
    entry5.o(.ARM.Collect$$$$00000004) refers to init.o(.text) for __scatterload
    entry9a.o(.ARM.Collect$$$$0000000B) refers to st7735testmain.o(i.main) for main
    entry9b.o(.ARM.Collect$$$$0000000C) refers to st7735testmain.o(i.main) for main
    depilogue.o(.text) refers to llshl.o(.text) for __aeabi_llsl
    depilogue.o(.text) refers to llushr.o(.text) for __aeabi_llsr
    init.o(.text) refers to entry5.o(.ARM.Collect$$$$00000004) for __main_after_scatterload


==============================================================================

Removing Unused input sections from the image.

    Removing startup.o(HEAP), (0 bytes).
    Removing st7735.o(i.Output_Clear), (10 bytes).
    Removing st7735.o(i.Output_Color), (12 bytes).
    Removing st7735.o(i.Output_Init), (16 bytes).
    Removing st7735.o(i.Output_Off), (8 bytes).
    Removing st7735.o(i.Output_On), (8 bytes).
    Removing st7735.o(i.ST7735_Color565), (24 bytes).
    Removing st7735.o(i.ST7735_DrawBitmap), (288 bytes).
    Removing st7735.o(i.ST7735_DrawChar), (268 bytes).
    Removing st7735.o(i.ST7735_DrawFastHLine), (124 bytes).
    Removing st7735.o(i.ST7735_DrawFastVLine), (124 bytes).
    Removing st7735.o(i.ST7735_InitB), (40 bytes).
    Removing st7735.o(i.ST7735_InvertDisplay), (22 bytes).
    Removing st7735.o(i.ST7735_OutUDec), (140 bytes).
    Removing st7735.o(i.ST7735_PlotBar), (88 bytes).
    Removing st7735.o(i.ST7735_PlotClear), (92 bytes).
    Removing st7735.o(i.ST7735_PlotLine), (264 bytes).
    Removing st7735.o(i.ST7735_PlotNext), (32 bytes).
    Removing st7735.o(i.ST7735_PlotNextErase), (64 bytes).
    Removing st7735.o(i.ST7735_PlotPoint), (152 bytes).
    Removing st7735.o(i.ST7735_PlotPoints), (172 bytes).
    Removing st7735.o(i.ST7735_PlotdBfs), (60 bytes).
    Removing st7735.o(i.ST7735_SetRotation), (212 bytes).
    Removing st7735.o(i.ST7735_SetTextColor), (12 bytes).
    Removing st7735.o(i.ST7735_SwapColor), (18 bytes).
    Removing st7735.o(i.ferror), (8 bytes).
    Removing st7735.o(i.fgetc), (6 bytes).
    Removing st7735.o(i.fillmessage), (72 bytes).
    Removing st7735.o(i.fputc), (16 bytes).
    Removing st7735.o(.bss), (12 bytes).
    Removing st7735testmain.o(i.line_bresenham), (122 bytes).
    Removing st7735testmain.o(.constdata), (72 bytes).
    Removing print.o(.text), (496 bytes).

33 unused section(s) (total 3054 bytes) removed from the image.

==============================================================================

Image Symbol Table

    Local Symbols

    Symbol Name                              Value     Ov Type        Size  Object(Section)

    RESET                                    0x00000000   Section      644  startup.o(RESET)
    ../clib/../cmprslib/zerorunl2.c          0x00000000   Number         0  __dczerorl2.o ABSOLUTE
    ../clib/microlib/init/entry.s            0x00000000   Number         0  entry9a.o ABSOLUTE
    ../clib/microlib/init/entry.s            0x00000000   Number         0  entry2.o ABSOLUTE
    ../clib/microlib/init/entry.s            0x00000000   Number         0  entry8b.o ABSOLUTE
    ../clib/microlib/init/entry.s            0x00000000   Number         0  entry10a.o ABSOLUTE
    ../clib/microlib/init/entry.s            0x00000000   Number         0  entry9b.o ABSOLUTE
    ../clib/microlib/init/entry.s            0x00000000   Number         0  entry.o ABSOLUTE
    ../clib/microlib/init/entry.s            0x00000000   Number         0  entry7a.o ABSOLUTE
    ../clib/microlib/init/entry.s            0x00000000   Number         0  entry7b.o ABSOLUTE
    ../clib/microlib/init/entry.s            0x00000000   Number         0  entry5.o ABSOLUTE
    ../clib/microlib/init/entry.s            0x00000000   Number         0  entry11b.o ABSOLUTE
    ../clib/microlib/init/entry.s            0x00000000   Number         0  entry8a.o ABSOLUTE
    ../clib/microlib/init/entry.s            0x00000000   Number         0  entry11a.o ABSOLUTE
    ../clib/microlib/init/entry.s            0x00000000   Number         0  entry10b.o ABSOLUTE
    ../clib/microlib/longlong.c              0x00000000   Number         0  llushr.o ABSOLUTE
    ../clib/microlib/longlong.c              0x00000000   Number         0  llshl.o ABSOLUTE
    ../clib/microlib/longlong.c              0x00000000   Number         0  llsshr.o ABSOLUTE
    ../clib/microlib/stubs.s                 0x00000000   Number         0  iusefp.o ABSOLUTE
    ../fplib/microlib/fpadd.c                0x00000000   Number         0  dadd.o ABSOLUTE
    ../fplib/microlib/fpdiv.c                0x00000000   Number         0  ddiv.o ABSOLUTE
    ../fplib/microlib/fpepilogue.c           0x00000000   Number         0  depilogue.o ABSOLUTE
    ../fplib/microlib/fpfix.c                0x00000000   Number         0  dfixi.o ABSOLUTE
    ../fplib/microlib/fpflt.c                0x00000000   Number         0  dfltui.o ABSOLUTE
    ../fplib/microlib/fpflt.c                0x00000000   Number         0  dflti.o ABSOLUTE
    ../fplib/microlib/fpmul.c                0x00000000   Number         0  dmul.o ABSOLUTE
    ADC.c                                    0x00000000   Number         0  adc.o ABSOLUTE
    IO.s                                     0x00000000   Number         0  io.o ABSOLUTE
    LCD.s                                    0x00000000   Number         0  lcd.o ABSOLUTE
    PLL.c                                    0x00000000   Number         0  pll.o ABSOLUTE
    Pause.c                                  0x00000000   Number         0  pause.o ABSOLUTE
    Print.s                                  0x00000000   Number         0  print.o ABSOLUTE
    Random.c                                 0x00000000   Number         0  random.o ABSOLUTE
    ST7735.c                                 0x00000000   Number         0  st7735.o ABSOLUTE
    ST7735TestMain.c                         0x00000000   Number         0  st7735testmain.o ABSOLUTE
    SysTick.c                                0x00000000   Number         0  systick.o ABSOLUTE
    cdcmple.s                                0x00000000   Number         0  cdcmple.o ABSOLUTE
    cdrcmple.s                               0x00000000   Number         0  cdrcmple.o ABSOLUTE
    dc.s                                     0x00000000   Number         0  dc.o ABSOLUTE
    handlers.s                               0x00000000   Number         0  handlers.o ABSOLUTE
    init.s                                   0x00000000   Number         0  init.o ABSOLUTE
    startup.s                                0x00000000   Number         0  startup.o ABSOLUTE
    .ARM.Collect$$$$00000000                 0x00000284   Section        0  entry.o(.ARM.Collect$$$$00000000)
    .ARM.Collect$$$$00000001                 0x00000284   Section        4  entry2.o(.ARM.Collect$$$$00000001)
    .ARM.Collect$$$$00000004                 0x00000288   Section        4  entry5.o(.ARM.Collect$$$$00000004)
    .ARM.Collect$$$$00000008                 0x0000028c   Section        0  entry7b.o(.ARM.Collect$$$$00000008)
    .ARM.Collect$$$$0000000A                 0x0000028c   Section        0  entry8b.o(.ARM.Collect$$$$0000000A)
    .ARM.Collect$$$$0000000B                 0x0000028c   Section        8  entry9a.o(.ARM.Collect$$$$0000000B)
    .ARM.Collect$$$$0000000D                 0x00000294   Section        0  entry10a.o(.ARM.Collect$$$$0000000D)
    .ARM.Collect$$$$0000000F                 0x00000294   Section        0  entry11a.o(.ARM.Collect$$$$0000000F)
    .ARM.Collect$$$$00002712                 0x00000294   Section        4  entry2.o(.ARM.Collect$$$$00002712)
    __lit__00000000                          0x00000294   Data           4  entry2.o(.ARM.Collect$$$$00002712)
    .text                                    0x00000298   Section       28  startup.o(.text)
    .text                                    0x000002b4   Section      176  io.o(.text)
    .text                                    0x00000364   Section       80  lcd.o(.text)
    .text                                    0x000003b4   Section        0  dadd.o(.text)
    .text                                    0x00000502   Section        0  dmul.o(.text)
    .text                                    0x000005e6   Section        0  ddiv.o(.text)
    .text                                    0x000006c4   Section        0  dflti.o(.text)
    .text                                    0x000006e6   Section        0  dfltui.o(.text)
    .text                                    0x00000700   Section        0  dfixi.o(.text)
    .text                                    0x00000740   Section       40  cdcmple.o(.text)
    .text                                    0x00000768   Section       40  cdrcmple.o(.text)
    .text                                    0x00000790   Section        0  llshl.o(.text)
    .text                                    0x000007ae   Section        0  llushr.o(.text)
    .text                                    0x000007ce   Section        0  llsshr.o(.text)
    .text                                    0x000007f2   Section        0  iusefp.o(.text)
    .text                                    0x000007f2   Section        0  depilogue.o(.text)
    .text                                    0x000008b0   Section       36  init.o(.text)
    .text                                    0x000008d4   Section        0  __dczerorl2.o(.text)
    i.ADC_In                                 0x00000930   Section        0  adc.o(i.ADC_In)
    i.ADC_Init                               0x0000095c   Section        0  adc.o(i.ADC_Init)
    i.Convert                                0x00000a40   Section        0  st7735testmain.o(i.Convert)
    i.Delay1ms                               0x00000a60   Section        0  st7735.o(i.Delay1ms)
    i.PLL_Init                               0x00000a80   Section        0  pll.o(i.PLL_Init)
    i.Pause                                  0x00000afc   Section        0  pause.o(i.Pause)
    i.Random_Gen                             0x00000d0c   Section        0  random.o(i.Random_Gen)
    i.ST7735_DrawCharS                       0x00000d5c   Section        0  st7735.o(i.ST7735_DrawCharS)
    i.ST7735_DrawCharS2                      0x00000e50   Section        0  st7735.o(i.ST7735_DrawCharS2)
    i.ST7735_DrawPixel                       0x00000f44   Section        0  st7735.o(i.ST7735_DrawPixel)
    i.ST7735_DrawString                      0x00000f8c   Section        0  st7735.o(i.ST7735_DrawString)
    i.ST7735_FillRect                        0x00000fe4   Section        0  st7735.o(i.ST7735_FillRect)
    i.ST7735_FillScreen                      0x00001090   Section        0  st7735.o(i.ST7735_FillScreen)
    i.ST7735_InitR                           0x000010b4   Section        0  st7735.o(i.ST7735_InitR)
    i.ST7735_OutChar                         0x00001130   Section        0  st7735.o(i.ST7735_OutChar)
    i.ST7735_OutString                       0x00001204   Section        0  st7735.o(i.ST7735_OutString)
    i.ST7735_SetCursor                       0x0000121c   Section        0  st7735.o(i.ST7735_SetCursor)
    i.SysTick_Handler                        0x0000123c   Section        0  st7735testmain.o(i.SysTick_Handler)
    i.SysTick_Init                           0x00001410   Section        0  systick.o(i.SysTick_Init)
    i.SysTick_Wait                           0x00001428   Section        0  systick.o(i.SysTick_Wait)
    i.SysTick_Wait10ms                       0x00001448   Section        0  systick.o(i.SysTick_Wait10ms)
    i.__scatterload_copy                     0x00001464   Section       14  handlers.o(i.__scatterload_copy)
    i.__scatterload_null                     0x00001472   Section        2  handlers.o(i.__scatterload_null)
    i.__scatterload_zeroinit                 0x00001474   Section       14  handlers.o(i.__scatterload_zeroinit)
    i.absolute                               0x00001482   Section        0  st7735testmain.o(i.absolute)
    i.commandList                            0x00001490   Section        0  st7735.o(i.commandList)
    commandList                              0x00001491   Thumb Code    86  st7735.o(i.commandList)
    i.commonInit                             0x000014e8   Section        0  st7735.o(i.commonInit)
    commonInit                               0x000014e9   Thumb Code   340  st7735.o(i.commonInit)
    i.line_bresenham3d                       0x0000166c   Section        0  st7735testmain.o(i.line_bresenham3d)
    i.main                                   0x00001854   Section        0  st7735testmain.o(i.main)
    i.makeArrow                              0x000018f4   Section        0  st7735testmain.o(i.makeArrow)
    i.makeSquare                             0x000019e8   Section        0  st7735testmain.o(i.makeSquare)
    i.pushColor                              0x00001fc4   Section        0  st7735.o(i.pushColor)
    pushColor                                0x00001fc5   Thumb Code    18  st7735.o(i.pushColor)
    i.setAddrWindow                          0x00001fd8   Section        0  st7735.o(i.setAddrWindow)
    setAddrWindow                            0x00001fd9   Thumb Code   106  st7735.o(i.setAddrWindow)
    .constdata                               0x0000204c   Section     2018  st7735.o(.constdata)
    Font                                     0x0000204c   Data        1275  st7735.o(.constdata)
    Bcmd                                     0x00002547   Data         103  st7735.o(.constdata)
    Rcmd1                                    0x000025ae   Data          59  st7735.o(.constdata)
    Rcmd2green                               0x000025e9   Data          13  st7735.o(.constdata)
    Rcmd2red                                 0x000025f6   Data          13  st7735.o(.constdata)
    Rcmd3                                    0x00002603   Data          43  st7735.o(.constdata)
    .data                                    0x20000000   Section       44  st7735.o(.data)
    _width                                   0x2000000a   Data           2  st7735.o(.data)
    _height                                  0x2000000c   Data           2  st7735.o(.data)
    ColStart                                 0x20000014   Data           1  st7735.o(.data)
    RowStart                                 0x20000015   Data           1  st7735.o(.data)
    Rotation                                 0x20000016   Data           1  st7735.o(.data)
    TabColor                                 0x20000017   Data           1  st7735.o(.data)
    .data                                    0x20000030   Section      208  st7735testmain.o(.data)
    .data                                    0x20000100   Section       48  pause.o(.data)
    STACK                                    0x20000130   Section     1024  startup.o(STACK)
    StackMem                                 0x20000130   Data           0  startup.o(STACK)

    Global Symbols

    Symbol Name                              Value     Ov Type        Size  Object(Section)

    BuildAttributes$$THM_ISAv4$E$P$D$K$B$S$7EM$PE$A:L22UL41UL21$X:L11$S22US41US21$IEEE1$IW$USESV6$~STKCKD$USESV7$~SHL$OSPACE$ROPI$EBA8$MICROLIB$REQ8$PRES8$EABIv2 0x00000000   Number         0  anon$$obj.o ABSOLUTE
    __ARM_use_no_argv                        0x00000000   Number         0  st7735testmain.o ABSOLUTE
    __Vectors                                0x00000000   Data           0  startup.o(RESET)
    __cpp_initialize__aeabi_                  - Undefined Weak Reference
    __cxa_finalize                            - Undefined Weak Reference
    _clock_init                               - Undefined Weak Reference
    _microlib_exit                            - Undefined Weak Reference
    Reset_Handler                            0x0000026d   Thumb Code     0  startup.o(RESET)
    NMI_Handler                              0x00000271   Thumb Code     2  startup.o(RESET)
    HardFault_Handler                        0x00000273   Thumb Code     2  startup.o(RESET)
    MemManage_Handler                        0x00000275   Thumb Code     2  startup.o(RESET)
    BusFault_Handler                         0x00000277   Thumb Code     2  startup.o(RESET)
    UsageFault_Handler                       0x00000279   Thumb Code     2  startup.o(RESET)
    SVC_Handler                              0x0000027b   Thumb Code     2  startup.o(RESET)
    DebugMon_Handler                         0x0000027d   Thumb Code     2  startup.o(RESET)
    PendSV_Handler                           0x0000027f   Thumb Code     2  startup.o(RESET)
    ADC0Seq0_Handler                         0x00000283   Thumb Code     0  startup.o(RESET)
    ADC0Seq1_Handler                         0x00000283   Thumb Code     0  startup.o(RESET)
    ADC0Seq2_Handler                         0x00000283   Thumb Code     0  startup.o(RESET)
    ADC0Seq3_Handler                         0x00000283   Thumb Code     0  startup.o(RESET)
    ADC1Seq0_Handler                         0x00000283   Thumb Code     0  startup.o(RESET)
    ADC1Seq1_Handler                         0x00000283   Thumb Code     0  startup.o(RESET)
    ADC1Seq2_Handler                         0x00000283   Thumb Code     0  startup.o(RESET)
    ADC1Seq3_Handler                         0x00000283   Thumb Code     0  startup.o(RESET)
    CAN0_Handler                             0x00000283   Thumb Code     0  startup.o(RESET)
    CAN1_Handler                             0x00000283   Thumb Code     0  startup.o(RESET)
    CAN2_Handler                             0x00000283   Thumb Code     0  startup.o(RESET)
    Comp0_Handler                            0x00000283   Thumb Code     0  startup.o(RESET)
    Comp1_Handler                            0x00000283   Thumb Code     0  startup.o(RESET)
    Comp2_Handler                            0x00000283   Thumb Code     0  startup.o(RESET)
    Ethernet_Handler                         0x00000283   Thumb Code     0  startup.o(RESET)
    ExtBus_Handler                           0x00000283   Thumb Code     0  startup.o(RESET)
    FPU_Handler                              0x00000283   Thumb Code     0  startup.o(RESET)
    Fan0_Handler                             0x00000283   Thumb Code     0  startup.o(RESET)
    FlashCtl_Handler                         0x00000283   Thumb Code     0  startup.o(RESET)
    GPIOPortA_Handler                        0x00000283   Thumb Code     0  startup.o(RESET)
    GPIOPortB_Handler                        0x00000283   Thumb Code     0  startup.o(RESET)
    GPIOPortC_Handler                        0x00000283   Thumb Code     0  startup.o(RESET)
    GPIOPortD_Handler                        0x00000283   Thumb Code     0  startup.o(RESET)
    GPIOPortE_Handler                        0x00000283   Thumb Code     0  startup.o(RESET)
    GPIOPortF_Handler                        0x00000283   Thumb Code     0  startup.o(RESET)
    GPIOPortG_Handler                        0x00000283   Thumb Code     0  startup.o(RESET)
    GPIOPortH_Handler                        0x00000283   Thumb Code     0  startup.o(RESET)
    GPIOPortJ_Handler                        0x00000283   Thumb Code     0  startup.o(RESET)
    GPIOPortK_Handler                        0x00000283   Thumb Code     0  startup.o(RESET)
    GPIOPortL_Handler                        0x00000283   Thumb Code     0  startup.o(RESET)
    GPIOPortM_Handler                        0x00000283   Thumb Code     0  startup.o(RESET)
    GPIOPortN_Handler                        0x00000283   Thumb Code     0  startup.o(RESET)
    GPIOPortP1_Handler                       0x00000283   Thumb Code     0  startup.o(RESET)
    GPIOPortP2_Handler                       0x00000283   Thumb Code     0  startup.o(RESET)
    GPIOPortP3_Handler                       0x00000283   Thumb Code     0  startup.o(RESET)
    GPIOPortP4_Handler                       0x00000283   Thumb Code     0  startup.o(RESET)
    GPIOPortP5_Handler                       0x00000283   Thumb Code     0  startup.o(RESET)
    GPIOPortP6_Handler                       0x00000283   Thumb Code     0  startup.o(RESET)
    GPIOPortP7_Handler                       0x00000283   Thumb Code     0  startup.o(RESET)
    GPIOPortP_Handler                        0x00000283   Thumb Code     0  startup.o(RESET)
    GPIOPortQ1_Handler                       0x00000283   Thumb Code     0  startup.o(RESET)
    GPIOPortQ2_Handler                       0x00000283   Thumb Code     0  startup.o(RESET)
    GPIOPortQ3_Handler                       0x00000283   Thumb Code     0  startup.o(RESET)
    GPIOPortQ4_Handler                       0x00000283   Thumb Code     0  startup.o(RESET)
    GPIOPortQ5_Handler                       0x00000283   Thumb Code     0  startup.o(RESET)
    GPIOPortQ6_Handler                       0x00000283   Thumb Code     0  startup.o(RESET)
    GPIOPortQ7_Handler                       0x00000283   Thumb Code     0  startup.o(RESET)
    GPIOPortQ_Handler                        0x00000283   Thumb Code     0  startup.o(RESET)
    GPIOPortR_Handler                        0x00000283   Thumb Code     0  startup.o(RESET)
    GPIOPortS_Handler                        0x00000283   Thumb Code     0  startup.o(RESET)
    Hibernate_Handler                        0x00000283   Thumb Code     0  startup.o(RESET)
    I2C0_Handler                             0x00000283   Thumb Code     0  startup.o(RESET)
    I2C1_Handler                             0x00000283   Thumb Code     0  startup.o(RESET)
    I2C2_Handler                             0x00000283   Thumb Code     0  startup.o(RESET)
    I2C3_Handler                             0x00000283   Thumb Code     0  startup.o(RESET)
    I2C4_Handler                             0x00000283   Thumb Code     0  startup.o(RESET)
    I2C5_Handler                             0x00000283   Thumb Code     0  startup.o(RESET)
    I2S0_Handler                             0x00000283   Thumb Code     0  startup.o(RESET)
    LPC0_Handler                             0x00000283   Thumb Code     0  startup.o(RESET)
    PECI0_Handler                            0x00000283   Thumb Code     0  startup.o(RESET)
    PWM0Fault_Handler                        0x00000283   Thumb Code     0  startup.o(RESET)
    PWM0Generator0_Handler                   0x00000283   Thumb Code     0  startup.o(RESET)
    PWM0Generator1_Handler                   0x00000283   Thumb Code     0  startup.o(RESET)
    PWM0Generator2_Handler                   0x00000283   Thumb Code     0  startup.o(RESET)
    PWM0Generator3_Handler                   0x00000283   Thumb Code     0  startup.o(RESET)
    PWM1Fault_Handler                        0x00000283   Thumb Code     0  startup.o(RESET)
    PWM1Generator0_Handler                   0x00000283   Thumb Code     0  startup.o(RESET)
    PWM1Generator1_Handler                   0x00000283   Thumb Code     0  startup.o(RESET)
    PWM1Generator2_Handler                   0x00000283   Thumb Code     0  startup.o(RESET)
    PWM1Generator3_Handler                   0x00000283   Thumb Code     0  startup.o(RESET)
    Quadrature0_Handler                      0x00000283   Thumb Code     0  startup.o(RESET)
    Quadrature1_Handler                      0x00000283   Thumb Code     0  startup.o(RESET)
    Quadrature2_Handler                      0x00000283   Thumb Code     0  startup.o(RESET)
    SSI0_Handler                             0x00000283   Thumb Code     0  startup.o(RESET)
    SSI1_Handler                             0x00000283   Thumb Code     0  startup.o(RESET)
    SSI2_Handler                             0x00000283   Thumb Code     0  startup.o(RESET)
    SSI3_Handler                             0x00000283   Thumb Code     0  startup.o(RESET)
    SysCtl_Handler                           0x00000283   Thumb Code     0  startup.o(RESET)
    Timer0A_Handler                          0x00000283   Thumb Code     0  startup.o(RESET)
    Timer0B_Handler                          0x00000283   Thumb Code     0  startup.o(RESET)
    Timer1A_Handler                          0x00000283   Thumb Code     0  startup.o(RESET)
    Timer1B_Handler                          0x00000283   Thumb Code     0  startup.o(RESET)
    Timer2A_Handler                          0x00000283   Thumb Code     0  startup.o(RESET)
    Timer2B_Handler                          0x00000283   Thumb Code     0  startup.o(RESET)
    Timer3A_Handler                          0x00000283   Thumb Code     0  startup.o(RESET)
    Timer3B_Handler                          0x00000283   Thumb Code     0  startup.o(RESET)
    Timer4A_Handler                          0x00000283   Thumb Code     0  startup.o(RESET)
    Timer4B_Handler                          0x00000283   Thumb Code     0  startup.o(RESET)
    Timer5A_Handler                          0x00000283   Thumb Code     0  startup.o(RESET)
    Timer5B_Handler                          0x00000283   Thumb Code     0  startup.o(RESET)
    UART0_Handler                            0x00000283   Thumb Code     0  startup.o(RESET)
    UART1_Handler                            0x00000283   Thumb Code     0  startup.o(RESET)
    UART2_Handler                            0x00000283   Thumb Code     0  startup.o(RESET)
    UART3_Handler                            0x00000283   Thumb Code     0  startup.o(RESET)
    UART4_Handler                            0x00000283   Thumb Code     0  startup.o(RESET)
    UART5_Handler                            0x00000283   Thumb Code     0  startup.o(RESET)
    UART6_Handler                            0x00000283   Thumb Code     0  startup.o(RESET)
    UART7_Handler                            0x00000283   Thumb Code     0  startup.o(RESET)
    USB0_Handler                             0x00000283   Thumb Code     0  startup.o(RESET)
    WDT_Handler                              0x00000283   Thumb Code     0  startup.o(RESET)
    WideTimer0A_Handler                      0x00000283   Thumb Code     0  startup.o(RESET)
    WideTimer0B_Handler                      0x00000283   Thumb Code     0  startup.o(RESET)
    WideTimer1A_Handler                      0x00000283   Thumb Code     0  startup.o(RESET)
    WideTimer1B_Handler                      0x00000283   Thumb Code     0  startup.o(RESET)
    WideTimer2A_Handler                      0x00000283   Thumb Code     0  startup.o(RESET)
    WideTimer2B_Handler                      0x00000283   Thumb Code     0  startup.o(RESET)
    WideTimer3A_Handler                      0x00000283   Thumb Code     0  startup.o(RESET)
    WideTimer3B_Handler                      0x00000283   Thumb Code     0  startup.o(RESET)
    WideTimer4A_Handler                      0x00000283   Thumb Code     0  startup.o(RESET)
    WideTimer4B_Handler                      0x00000283   Thumb Code     0  startup.o(RESET)
    WideTimer5A_Handler                      0x00000283   Thumb Code     0  startup.o(RESET)
    WideTimer5B_Handler                      0x00000283   Thumb Code     0  startup.o(RESET)
    uDMA_Error                               0x00000283   Thumb Code     0  startup.o(RESET)
    uDMA_Handler                             0x00000283   Thumb Code     0  startup.o(RESET)
    __main                                   0x00000285   Thumb Code     0  entry.o(.ARM.Collect$$$$00000000)
    _main_stk                                0x00000285   Thumb Code     0  entry2.o(.ARM.Collect$$$$00000001)
    _main_scatterload                        0x00000289   Thumb Code     0  entry5.o(.ARM.Collect$$$$00000004)
    __main_after_scatterload                 0x0000028d   Thumb Code     0  entry5.o(.ARM.Collect$$$$00000004)
    _main_clock                              0x0000028d   Thumb Code     0  entry7b.o(.ARM.Collect$$$$00000008)
    _main_cpp_init                           0x0000028d   Thumb Code     0  entry8b.o(.ARM.Collect$$$$0000000A)
    _main_init                               0x0000028d   Thumb Code     0  entry9a.o(.ARM.Collect$$$$0000000B)
    __rt_final_cpp                           0x00000295   Thumb Code     0  entry10a.o(.ARM.Collect$$$$0000000D)
    __rt_final_exit                          0x00000295   Thumb Code     0  entry11a.o(.ARM.Collect$$$$0000000F)
    DisableInterrupts                        0x00000299   Thumb Code     0  startup.o(.text)
    EnableInterrupts                         0x0000029d   Thumb Code     0  startup.o(.text)
    StartCritical                            0x000002a1   Thumb Code     0  startup.o(.text)
    EndCritical                              0x000002a9   Thumb Code     0  startup.o(.text)
    WaitForInterrupt                         0x000002af   Thumb Code     0  startup.o(.text)
    IO_Init                                  0x000002b5   Thumb Code     0  io.o(.text)
    IO_HeartBeat                             0x000002f7   Thumb Code     0  io.o(.text)
    IO_Touch                                 0x00000309   Thumb Code     0  io.o(.text)
    writecommand                             0x00000365   Thumb Code     0  lcd.o(.text)
    writedata                                0x0000038d   Thumb Code     0  lcd.o(.text)
    __aeabi_dadd                             0x000003b5   Thumb Code   322  dadd.o(.text)
    __aeabi_dsub                             0x000004f7   Thumb Code     6  dadd.o(.text)
    __aeabi_drsub                            0x000004fd   Thumb Code     6  dadd.o(.text)
    __aeabi_dmul                             0x00000503   Thumb Code   228  dmul.o(.text)
    __aeabi_ddiv                             0x000005e7   Thumb Code   222  ddiv.o(.text)
    __aeabi_i2d                              0x000006c5   Thumb Code    34  dflti.o(.text)
    __aeabi_ui2d                             0x000006e7   Thumb Code    26  dfltui.o(.text)
    __aeabi_d2iz                             0x00000701   Thumb Code    62  dfixi.o(.text)
    __aeabi_cdcmpeq                          0x00000741   Thumb Code     0  cdcmple.o(.text)
    __aeabi_cdcmple                          0x00000741   Thumb Code    38  cdcmple.o(.text)
    __aeabi_cdrcmple                         0x00000769   Thumb Code    38  cdrcmple.o(.text)
    __aeabi_llsl                             0x00000791   Thumb Code    30  llshl.o(.text)
    _ll_shift_l                              0x00000791   Thumb Code     0  llshl.o(.text)
    __aeabi_llsr                             0x000007af   Thumb Code    32  llushr.o(.text)
    _ll_ushift_r                             0x000007af   Thumb Code     0  llushr.o(.text)
    __aeabi_lasr                             0x000007cf   Thumb Code    36  llsshr.o(.text)
    _ll_sshift_r                             0x000007cf   Thumb Code     0  llsshr.o(.text)
    __I$use$fp                               0x000007f3   Thumb Code     0  iusefp.o(.text)
    _double_round                            0x000007f3   Thumb Code    26  depilogue.o(.text)
    _double_epilogue                         0x0000080d   Thumb Code   164  depilogue.o(.text)
    __scatterload                            0x000008b1   Thumb Code    28  init.o(.text)
    __scatterload_rt2                        0x000008b1   Thumb Code     0  init.o(.text)
    __decompress                             0x000008d5   Thumb Code     0  __dczerorl2.o(.text)
    __decompress1                            0x000008d5   Thumb Code    92  __dczerorl2.o(.text)
    ADC_In                                   0x00000931   Thumb Code    36  adc.o(i.ADC_In)
    ADC_Init                                 0x0000095d   Thumb Code   190  adc.o(i.ADC_Init)
    Convert                                  0x00000a41   Thumb Code    18  st7735testmain.o(i.Convert)
    Delay1ms                                 0x00000a61   Thumb Code    32  st7735.o(i.Delay1ms)
    PLL_Init                                 0x00000a81   Thumb Code   118  pll.o(i.PLL_Init)
    Pause                                    0x00000afd   Thumb Code   510  pause.o(i.Pause)
    Random_Gen                               0x00000d0d   Thumb Code    60  random.o(i.Random_Gen)
    ST7735_DrawCharS                         0x00000d5d   Thumb Code   232  st7735.o(i.ST7735_DrawCharS)
    ST7735_DrawCharS2                        0x00000e51   Thumb Code   232  st7735.o(i.ST7735_DrawCharS2)
    ST7735_DrawPixel                         0x00000f45   Thumb Code    64  st7735.o(i.ST7735_DrawPixel)
    ST7735_DrawString                        0x00000f8d   Thumb Code    86  st7735.o(i.ST7735_DrawString)
    ST7735_FillRect                          0x00000fe5   Thumb Code   164  st7735.o(i.ST7735_FillRect)
    ST7735_FillScreen                        0x00001091   Thumb Code    28  st7735.o(i.ST7735_FillScreen)
    ST7735_InitR                             0x000010b5   Thumb Code    90  st7735.o(i.ST7735_InitR)
    ST7735_OutChar                           0x00001131   Thumb Code   176  st7735.o(i.ST7735_OutChar)
    ST7735_OutString                         0x00001205   Thumb Code    24  st7735.o(i.ST7735_OutString)
    ST7735_SetCursor                         0x0000121d   Thumb Code    22  st7735.o(i.ST7735_SetCursor)
    SysTick_Handler                          0x0000123d   Thumb Code   410  st7735testmain.o(i.SysTick_Handler)
    SysTick_Init                             0x00001411   Thumb Code    24  systick.o(i.SysTick_Init)
    SysTick_Wait                             0x00001429   Thumb Code    32  systick.o(i.SysTick_Wait)
    SysTick_Wait10ms                         0x00001449   Thumb Code    22  systick.o(i.SysTick_Wait10ms)
    __scatterload_copy                       0x00001465   Thumb Code    14  handlers.o(i.__scatterload_copy)
    __scatterload_null                       0x00001473   Thumb Code     2  handlers.o(i.__scatterload_null)
    __scatterload_zeroinit                   0x00001475   Thumb Code    14  handlers.o(i.__scatterload_zeroinit)
    absolute                                 0x00001483   Thumb Code    14  st7735testmain.o(i.absolute)
    line_bresenham3d                         0x0000166d   Thumb Code   454  st7735testmain.o(i.line_bresenham3d)
    main                                     0x00001855   Thumb Code   114  st7735testmain.o(i.main)
    makeArrow                                0x000018f5   Thumb Code   220  st7735testmain.o(i.makeArrow)
    makeSquare                               0x000019e9   Thumb Code  1500  st7735testmain.o(i.makeSquare)
    dBfs                                     0x0000262e   Data         512  st7735.o(.constdata)
    Region$$Table$$Base                      0x00002830   Number         0  anon$$obj.o(Region$$Table)
    Region$$Table$$Limit                     0x00002850   Number         0  anon$$obj.o(Region$$Table)
    StX                                      0x20000000   Data           4  st7735.o(.data)
    StY                                      0x20000004   Data           4  st7735.o(.data)
    StTextColor                              0x20000008   Data           2  st7735.o(.data)
    lastj                                    0x20000010   Data           4  st7735.o(.data)
    Messageindex                             0x20000018   Data           4  st7735.o(.data)
    Ymax                                     0x2000001c   Data           4  st7735.o(.data)
    Ymin                                     0x20000020   Data           4  st7735.o(.data)
    X                                        0x20000024   Data           4  st7735.o(.data)
    Yrange                                   0x20000028   Data           4  st7735.o(.data)
    boxes                                    0x20000030   Data          96  st7735testmain.o(.data)
    index_val                                0x20000090   Data           1  st7735testmain.o(.data)
    zs                                       0x20000098   Data          96  st7735testmain.o(.data)
    ADCMail                                  0x200000f8   Data           4  st7735testmain.o(.data)
    ADCStatus                                0x200000fc   Data           4  st7735testmain.o(.data)
    mirror                                   0x20000100   Data          48  pause.o(.data)
    __initial_sp                             0x20000530   Data           0  startup.o(STACK)



==============================================================================

Memory Map of the image

  Image Entry point : 0x0000026d

  Load Region LR_1 (Base: 0x00000000, Size: 0x00002980, Max: 0xffffffff, ABSOLUTE, COMPRESSED[0x000028a4])

    Execution Region ER_RO (Base: 0x00000000, Size: 0x00002850, Max: 0xffffffff, ABSOLUTE)

    Base Addr    Size         Type   Attr      Idx    E Section Name        Object

    0x00000000   0x00000284   Code   RO            3  * RESET               startup.o
    0x00000284   0x00000000   Code   RO          448  * .ARM.Collect$$$$00000000  mc_w.l(entry.o)
    0x00000284   0x00000004   Code   RO          467    .ARM.Collect$$$$00000001  mc_w.l(entry2.o)
    0x00000288   0x00000004   Code   RO          470    .ARM.Collect$$$$00000004  mc_w.l(entry5.o)
    0x0000028c   0x00000000   Code   RO          472    .ARM.Collect$$$$00000008  mc_w.l(entry7b.o)
    0x0000028c   0x00000000   Code   RO          474    .ARM.Collect$$$$0000000A  mc_w.l(entry8b.o)
    0x0000028c   0x00000008   Code   RO          475    .ARM.Collect$$$$0000000B  mc_w.l(entry9a.o)
    0x00000294   0x00000000   Code   RO          477    .ARM.Collect$$$$0000000D  mc_w.l(entry10a.o)
    0x00000294   0x00000000   Code   RO          479    .ARM.Collect$$$$0000000F  mc_w.l(entry11a.o)
    0x00000294   0x00000004   Code   RO          468    .ARM.Collect$$$$00002712  mc_w.l(entry2.o)
    0x00000298   0x0000001c   Code   RO            4    .text               startup.o
    0x000002b4   0x000000b0   Code   RO          368    .text               io.o
    0x00000364   0x00000050   Code   RO          371    .text               lcd.o
    0x000003b4   0x0000014e   Code   RO          451    .text               mf_w.l(dadd.o)
    0x00000502   0x000000e4   Code   RO          453    .text               mf_w.l(dmul.o)
    0x000005e6   0x000000de   Code   RO          455    .text               mf_w.l(ddiv.o)
    0x000006c4   0x00000022   Code   RO          457    .text               mf_w.l(dflti.o)
    0x000006e6   0x0000001a   Code   RO          459    .text               mf_w.l(dfltui.o)
    0x00000700   0x0000003e   Code   RO          461    .text               mf_w.l(dfixi.o)
    0x0000073e   0x00000002   PAD
    0x00000740   0x00000028   Code   RO          463    .text               mf_w.l(cdcmple.o)
    0x00000768   0x00000028   Code   RO          465    .text               mf_w.l(cdrcmple.o)
    0x00000790   0x0000001e   Code   RO          481    .text               mc_w.l(llshl.o)
    0x000007ae   0x00000020   Code   RO          483    .text               mc_w.l(llushr.o)
    0x000007ce   0x00000024   Code   RO          485    .text               mc_w.l(llsshr.o)
    0x000007f2   0x00000000   Code   RO          487    .text               mc_w.l(iusefp.o)
    0x000007f2   0x000000be   Code   RO          488    .text               mf_w.l(depilogue.o)
    0x000008b0   0x00000024   Code   RO          490    .text               mc_w.l(init.o)
    0x000008d4   0x0000005c   Code   RO          500    .text               mc_w.l(__dczerorl2.o)
    0x00000930   0x0000002c   Code   RO          415    i.ADC_In            adc.o
    0x0000095c   0x000000e4   Code   RO          416    i.ADC_Init          adc.o
    0x00000a40   0x00000020   Code   RO          306    i.Convert           st7735testmain.o
    0x00000a60   0x00000020   Code   RO           34    i.Delay1ms          st7735.o
    0x00000a80   0x0000007c   Code   RO           12    i.PLL_Init          pll.o
    0x00000afc   0x00000210   Code   RO          433    i.Pause             pause.o
    0x00000d0c   0x00000050   Code   RO          401    i.Random_Gen        random.o
    0x00000d5c   0x000000f4   Code   RO           43    i.ST7735_DrawCharS  st7735.o
    0x00000e50   0x000000f4   Code   RO           44    i.ST7735_DrawCharS2  st7735.o
    0x00000f44   0x00000048   Code   RO           47    i.ST7735_DrawPixel  st7735.o
    0x00000f8c   0x00000056   Code   RO           48    i.ST7735_DrawString  st7735.o
    0x00000fe2   0x00000002   PAD
    0x00000fe4   0x000000ac   Code   RO           49    i.ST7735_FillRect   st7735.o
    0x00001090   0x00000024   Code   RO           50    i.ST7735_FillScreen  st7735.o
    0x000010b4   0x0000007c   Code   RO           52    i.ST7735_InitR      st7735.o
    0x00001130   0x000000d4   Code   RO           54    i.ST7735_OutChar    st7735.o
    0x00001204   0x00000018   Code   RO           55    i.ST7735_OutString  st7735.o
    0x0000121c   0x00000020   Code   RO           65    i.ST7735_SetCursor  st7735.o
    0x0000123c   0x000001d4   Code   RO          307    i.SysTick_Handler   st7735testmain.o
    0x00001410   0x00000018   Code   RO          377    i.SysTick_Init      systick.o
    0x00001428   0x00000020   Code   RO          378    i.SysTick_Wait      systick.o
    0x00001448   0x0000001c   Code   RO          379    i.SysTick_Wait10ms  systick.o
    0x00001464   0x0000000e   Code   RO          494    i.__scatterload_copy  mc_w.l(handlers.o)
    0x00001472   0x00000002   Code   RO          495    i.__scatterload_null  mc_w.l(handlers.o)
    0x00001474   0x0000000e   Code   RO          496    i.__scatterload_zeroinit  mc_w.l(handlers.o)
    0x00001482   0x0000000e   Code   RO          308    i.absolute          st7735testmain.o
    0x00001490   0x00000056   Code   RO           69    i.commandList       st7735.o
    0x000014e6   0x00000002   PAD
    0x000014e8   0x00000184   Code   RO           70    i.commonInit        st7735.o
    0x0000166c   0x000001e8   Code   RO          310    i.line_bresenham3d  st7735testmain.o
    0x00001854   0x000000a0   Code   RO          311    i.main              st7735testmain.o
    0x000018f4   0x000000f4   Code   RO          312    i.makeArrow         st7735testmain.o
    0x000019e8   0x000005dc   Code   RO          313    i.makeSquare        st7735testmain.o
    0x00001fc4   0x00000012   Code   RO           75    i.pushColor         st7735.o
    0x00001fd6   0x00000002   PAD
    0x00001fd8   0x00000074   Code   RO           76    i.setAddrWindow     st7735.o
    0x0000204c   0x000007e2   Data   RO           78    .constdata          st7735.o
    0x0000282e   0x00000002   PAD
    0x00002830   0x00000020   Data   RO          492    Region$$Table       anon$$obj.o


    Execution Region ER_RW (Base: 0x20000000, Size: 0x00000130, Max: 0xffffffff, ABSOLUTE, COMPRESSED[0x00000054])

    Base Addr    Size         Type   Attr      Idx    E Section Name        Object

    0x20000000   0x0000002c   Data   RW           79    .data               st7735.o
    0x2000002c   0x00000004   PAD
    0x20000030   0x000000d0   Data   RW          315    .data               st7735testmain.o
    0x20000100   0x00000030   Data   RW          434    .data               pause.o


    Execution Region ER_ZI (Base: 0x20000130, Size: 0x00000400, Max: 0xffffffff, ABSOLUTE)

    Base Addr    Size         Type   Attr      Idx    E Section Name        Object

    0x20000130   0x00000400   Zero   RW            1    STACK               startup.o


==============================================================================

Image component sizes


      Code (inc. data)   RO Data    RW Data    ZI Data      Debug   Object Name

       272         46          0          0          0        932   adc.o
       176         40          0          0          0        276   io.o
        80         12          0          0          0        248   lcd.o
       528         18          0         48          0       1301   pause.o
       124          6          0          0          0       4639   pll.o
        80         20          0          0          0        517   random.o
      1886        186       2018         44          0      13118   st7735.o
      2906        176          0        208          0       5619   st7735testmain.o
       672        622          0          0       1024        988   startup.o
        84          6          0          0          0       1889   systick.o

    ----------------------------------------------------------------------
      6814       1132       2052        304       1024      29527   Object Totals
         0          0         32          0          0          0   (incl. Generated)
         6          0          2          4          0          0   (incl. Padding)

    ----------------------------------------------------------------------

      Code (inc. data)   RO Data    RW Data    ZI Data      Debug   Library Member Name

        92          0          0          0          0          0   __dczerorl2.o
         0          0          0          0          0          0   entry.o
         0          0          0          0          0          0   entry10a.o
         0          0          0          0          0          0   entry11a.o
         8          4          0          0          0          0   entry2.o
         4          0          0          0          0          0   entry5.o
         0          0          0          0          0          0   entry7b.o
         0          0          0          0          0          0   entry8b.o
         8          4          0          0          0          0   entry9a.o
        30          0          0          0          0          0   handlers.o
        36          8          0          0          0         68   init.o
         0          0          0          0          0          0   iusefp.o
        30          0          0          0          0         68   llshl.o
        36          0          0          0          0         68   llsshr.o
        32          0          0          0          0         68   llushr.o
        40          2          0          0          0         68   cdcmple.o
        40          2          0          0          0         68   cdrcmple.o
       334          0          0          0          0        148   dadd.o
       222          0          0          0          0        100   ddiv.o
       190          0          0          0          0        176   depilogue.o
        62          0          0          0          0         80   dfixi.o
        34          0          0          0          0         76   dflti.o
        26          0          0          0          0         76   dfltui.o
       228          0          0          0          0         96   dmul.o

    ----------------------------------------------------------------------
      1454         20          0          0          0       1160   Library Totals
         2          0          0          0          0          0   (incl. Padding)

    ----------------------------------------------------------------------

      Code (inc. data)   RO Data    RW Data    ZI Data      Debug   Library Name

       276         16          0          0          0        272   mc_w.l
      1176          4          0          0          0        888   mf_w.l

    ----------------------------------------------------------------------
      1454         20          0          0          0       1160   Library Totals

    ----------------------------------------------------------------------

==============================================================================


      Code (inc. data)   RO Data    RW Data    ZI Data      Debug   

      8268       1152       2052        304       1024      28659   Grand Totals
      8268       1152       2052         84       1024      28659   ELF Image Totals (compressed)
      8268       1152       2052         84          0          0   ROM Totals

==============================================================================

    Total RO  Size (Code + RO Data)                10320 (  10.08kB)
    Total RW  Size (RW Data + ZI Data)              1328 (   1.30kB)
    Total ROM Size (Code + RO Data + RW Data)      10404 (  10.16kB)

==============================================================================

